../Core/Src/main.c:104:5:main	24	static
../Core/Src/main.c:177:6:SystemClock_Config	88	static
../Core/Src/main.c:224:13:MX_ADC1_Init	56	static
../Core/Src/main.c:292:13:MX_LPUART1_UART_Init	8	static
../Core/Src/main.c:339:13:MX_TIM1_Init	120	static
../Core/Src/main.c:421:13:MX_TIM3_Init	56	static
../Core/Src/main.c:470:13:MX_TIM4_Init	40	static
../Core/Src/main.c:515:13:MX_TIM5_Init	40	static
../Core/Src/main.c:558:13:MX_DMA_Init	16	static
../Core/Src/main.c:577:13:MX_GPIO_Init	48	static
../Core/Src/main.c:615:6:HAL_TIM_PeriodElapsedCallback	16	static
../Core/Src/main.c:622:10:micros	56	static,ignoring_inline_asm
../Core/Src/main.c:641:6:QEIEncoderPosVel_Update	24	static
../Core/Src/main.c:676:6:Error_Handler	4	static,ignoring_inline_asm
