../Core/Src/main.c:104:5:main	40	static
../Core/Src/main.c:179:6:SystemClock_Config	88	static
../Core/Src/main.c:226:13:MX_ADC1_Init	56	static
../Core/Src/main.c:294:13:MX_LPUART1_UART_Init	8	static
../Core/Src/main.c:341:13:MX_TIM1_Init	120	static
../Core/Src/main.c:423:13:MX_TIM3_Init	56	static
../Core/Src/main.c:472:13:MX_TIM4_Init	40	static
../Core/Src/main.c:517:13:MX_TIM5_Init	40	static
../Core/Src/main.c:560:13:MX_DMA_Init	16	static
../Core/Src/main.c:579:13:MX_GPIO_Init	48	static
../Core/Src/main.c:617:6:HAL_TIM_PeriodElapsedCallback	16	static
../Core/Src/main.c:624:10:micros	56	static,ignoring_inline_asm
../Core/Src/main.c:643:6:QEIEncoderPosVel_Update	24	static
../Core/Src/main.c:678:6:Error_Handler	4	static,ignoring_inline_asm
